1785367300.431238 client started (81501): version 3.7b, socket /tmp/tmux-1000/default, protocol 8
1785367300.431257 on Linux 7.1.4-200.fc44.x86_64 #1 SMP PREEMPT_DYNAMIC Sat Jul 18 19:16:16 UTC 2026
1785367300.431259 using libevent 2.1.12-stable poll
1785367300.431260 using ncurses 6.6 20251230
1785367300.431269 flags are 0x10010000
1785367300.431275 socket is /tmp/tmux-1000/default
1785367300.431285 trying connect
1785367300.431319 add peer 0x5584bfb56920: 6 ((nil))
1785367300.431557 sending message 111 to peer 0x5584bfb56920 (8 bytes)
1785367300.431562 sending message 111 to peer 0x5584bfb56920 (8 bytes)
1785367300.431563 sending message 101 to peer 0x5584bfb56920 (14 bytes)
1785367300.431564 sending message 109 to peer 0x5584bfb56920 (4 bytes)
1785367300.431566 sending message 102 to peer 0x5584bfb56920 (11 bytes)
1785367300.431567 sending message 108 to peer 0x5584bfb56920 (26 bytes)
1785367300.431568 sending message 112 to peer 0x5584bfb56920 (70 bytes)
1785367300.431570 sending message 112 to peer 0x5584bfb56920 (5 bytes)
1785367300.431571 sending message 112 to peer 0x5584bfb56920 (5 bytes)
1785367300.431572 sending message 112 to peer 0x5584bfb56920 (6 bytes)
1785367300.431573 sending message 112 to peer 0x5584bfb56920 (6 bytes)
1785367300.431574 sending message 112 to peer 0x5584bfb56920 (11 bytes)
1785367300.431575 sending message 112 to peer 0x5584bfb56920 (10 bytes)
1785367300.431577 sending message 112 to peer 0x5584bfb56920 (13 bytes)
1785367300.431578 sending message 112 to peer 0x5584bfb56920 (13 bytes)
1785367300.431579 sending message 112 to peer 0x5584bfb56920 (18 bytes)
1785367300.431580 sending message 112 to peer 0x5584bfb56920 (11 bytes)
1785367300.431581 sending message 112 to peer 0x5584bfb56920 (10 bytes)
1785367300.431583 sending message 112 to peer 0x5584bfb56920 (15 bytes)
1785367300.431584 sending message 112 to peer 0x5584bfb56920 (21 bytes)
1785367300.431585 sending message 112 to peer 0x5584bfb56920 (13 bytes)
1785367300.431586 sending message 112 to peer 0x5584bfb56920 (7 bytes)
1785367300.431588 sending message 112 to peer 0x5584bfb56920 (13 bytes)
1785367300.431589 sending message 112 to peer 0x5584bfb56920 (7 bytes)
1785367300.431590 sending message 112 to peer 0x5584bfb56920 (13 bytes)
1785367300.431591 sending message 112 to peer 0x5584bfb56920 (9 bytes)
1785367300.431592 sending message 112 to peer 0x5584bfb56920 (21 bytes)
1785367300.431594 sending message 112 to peer 0x5584bfb56920 (13 bytes)
1785367300.431595 sending message 112 to peer 0x5584bfb56920 (8 bytes)
1785367300.431596 sending message 112 to peer 0x5584bfb56920 (12 bytes)
1785367300.431597 sending message 112 to peer 0x5584bfb56920 (13 bytes)
1785367300.431599 sending message 112 to peer 0x5584bfb56920 (9 bytes)
1785367300.431600 sending message 112 to peer 0x5584bfb56920 (9 bytes)
1785367300.431601 sending message 112 to peer 0x5584bfb56920 (12 bytes)
1785367300.431602 sending message 112 to peer 0x5584bfb56920 (8 bytes)
1785367300.431604 sending message 112 to peer 0x5584bfb56920 (8 bytes)
1785367300.431605 sending message 112 to peer 0x5584bfb56920 (7 bytes)
1785367300.431606 sending message 112 to peer 0x5584bfb56920 (7 bytes)
1785367300.431607 sending message 112 to peer 0x5584bfb56920 (9 bytes)
1785367300.431608 sending message 112 to peer 0x5584bfb56920 (13 bytes)
1785367300.431610 sending message 112 to peer 0x5584bfb56920 (6 bytes)
1785367300.431611 sending message 112 to peer 0x5584bfb56920 (9 bytes)
1785367300.431612 sending message 112 to peer 0x5584bfb56920 (15 bytes)
1785367300.431613 sending message 112 to peer 0x5584bfb56920 (13 bytes)
1785367300.431614 sending message 112 to peer 0x5584bfb56920 (12 bytes)
1785367300.431616 sending message 112 to peer 0x5584bfb56920 (8 bytes)
1785367300.431617 sending message 112 to peer 0x5584bfb56920 (14 bytes)
1785367300.431618 sending message 112 to peer 0x5584bfb56920 (11 bytes)
1785367300.431619 sending message 112 to peer 0x5584bfb56920 (9 bytes)
1785367300.431620 sending message 112 to peer 0x5584bfb56920 (10 bytes)
1785367300.431622 sending message 112 to peer 0x5584bfb56920 (10 bytes)
1785367300.431628 sending message 112 to peer 0x5584bfb56920 (10 bytes)
1785367300.431629 sending message 112 to peer 0x5584bfb56920 (10 bytes)
1785367300.431630 sending message 112 to peer 0x5584bfb56920 (11 bytes)
1785367300.431631 sending message 112 to peer 0x5584bfb56920 (12 bytes)
1785367300.431633 sending message 112 to peer 0x5584bfb56920 (12 bytes)
1785367300.431634 sending message 112 to peer 0x5584bfb56920 (12 bytes)
1785367300.431635 sending message 112 to peer 0x5584bfb56920 (12 bytes)
1785367300.431636 sending message 112 to peer 0x5584bfb56920 (12 bytes)
1785367300.431637 sending message 112 to peer 0x5584bfb56920 (11 bytes)
1785367300.431638 sending message 112 to peer 0x5584bfb56920 (11 bytes)
1785367300.431640 sending message 112 to peer 0x5584bfb56920 (12 bytes)
1785367300.431641 sending message 112 to peer 0x5584bfb56920 (12 bytes)
1785367300.431642 sending message 112 to peer 0x5584bfb56920 (12 bytes)
1785367300.431643 sending message 112 to peer 0x5584bfb56920 (12 bytes)
1785367300.431645 sending message 112 to peer 0x5584bfb56920 (12 bytes)
1785367300.431646 sending message 112 to peer 0x5584bfb56920 (10 bytes)
1785367300.431647 sending message 112 to peer 0x5584bfb56920 (12 bytes)
1785367300.431648 sending message 112 to peer 0x5584bfb56920 (13 bytes)
1785367300.431649 sending message 112 to peer 0x5584bfb56920 (13 bytes)
1785367300.431650 sending message 112 to peer 0x5584bfb56920 (13 bytes)
1785367300.431652 sending message 112 to peer 0x5584bfb56920 (13 bytes)
1785367300.431653 sending message 112 to peer 0x5584bfb56920 (13 bytes)
1785367300.431654 sending message 112 to peer 0x5584bfb56920 (8 bytes)
1785367300.431656 sending message 112 to peer 0x5584bfb56920 (11 bytes)
1785367300.431657 sending message 112 to peer 0x5584bfb56920 (11 bytes)
1785367300.431658 sending message 112 to peer 0x5584bfb56920 (11 bytes)
1785367300.431659 sending message 112 to peer 0x5584bfb56920 (12 bytes)
1785367300.431660 sending message 112 to peer 0x5584bfb56920 (12 bytes)
1785367300.431661 sending message 112 to peer 0x5584bfb56920 (12 bytes)
1785367300.431663 sending message 112 to peer 0x5584bfb56920 (12 bytes)
1785367300.431664 sending message 112 to peer 0x5584bfb56920 (13 bytes)
1785367300.431665 sending message 112 to peer 0x5584bfb56920 (13 bytes)
1785367300.431666 sending message 112 to peer 0x5584bfb56920 (13 bytes)
1785367300.431667 sending message 112 to peer 0x5584bfb56920 (8 bytes)
1785367300.431669 sending message 112 to peer 0x5584bfb56920 (13 bytes)
1785367300.431670 sending message 112 to peer 0x5584bfb56920 (13 bytes)
1785367300.431671 sending message 112 to peer 0x5584bfb56920 (13 bytes)
1785367300.431672 sending message 112 to peer 0x5584bfb56920 (13 bytes)
1785367300.431673 sending message 112 to peer 0x5584bfb56920 (13 bytes)
1785367300.431675 sending message 112 to peer 0x5584bfb56920 (12 bytes)
1785367300.431676 sending message 112 to peer 0x5584bfb56920 (12 bytes)
1785367300.431677 sending message 112 to peer 0x5584bfb56920 (12 bytes)
1785367300.431678 sending message 112 to peer 0x5584bfb56920 (12 bytes)
1785367300.431680 sending message 112 to peer 0x5584bfb56920 (13 bytes)
1785367300.431681 sending message 112 to peer 0x5584bfb56920 (8 bytes)
1785367300.431682 sending message 112 to peer 0x5584bfb56920 (13 bytes)
1785367300.431683 sending message 112 to peer 0x5584bfb56920 (13 bytes)
1785367300.431684 sending message 112 to peer 0x5584bfb56920 (13 bytes)
1785367300.431685 sending message 112 to peer 0x5584bfb56920 (13 bytes)
1785367300.431686 sending message 112 to peer 0x5584bfb56920 (13 bytes)
1785367300.431688 sending message 112 to peer 0x5584bfb56920 (13 bytes)
1785367300.431689 sending message 112 to peer 0x5584bfb56920 (13 bytes)
1785367300.431690 sending message 112 to peer 0x5584bfb56920 (12 bytes)
1785367300.431692 sending message 112 to peer 0x5584bfb56920 (12 bytes)
1785367300.431693 sending message 112 to peer 0x5584bfb56920 (12 bytes)
1785367300.431694 sending message 112 to peer 0x5584bfb56920 (8 bytes)
1785367300.431695 sending message 112 to peer 0x5584bfb56920 (12 bytes)
1785367300.431698 sending message 112 to peer 0x5584bfb56920 (13 bytes)
1785367300.431699 sending message 112 to peer 0x5584bfb56920 (13 bytes)
1785367300.431700 sending message 112 to peer 0x5584bfb56920 (13 bytes)
1785367300.431702 sending message 112 to peer 0x5584bfb56920 (13 bytes)
1785367300.431703 sending message 112 to peer 0x5584bfb56920 (13 bytes)
1785367300.431704 sending message 112 to peer 0x5584bfb56920 (13 bytes)
1785367300.431705 sending message 112 to peer 0x5584bfb56920 (13 bytes)
1785367300.431706 sending message 112 to peer 0x5584bfb56920 (13 bytes)
1785367300.431708 sending message 112 to peer 0x5584bfb56920 (12 bytes)
1785367300.431709 sending message 112 to peer 0x5584bfb56920 (10 bytes)
1785367300.431710 sending message 112 to peer 0x5584bfb56920 (12 bytes)
1785367300.431711 sending message 112 to peer 0x5584bfb56920 (12 bytes)
1785367300.431712 sending message 112 to peer 0x5584bfb56920 (12 bytes)
1785367300.431714 sending message 112 to peer 0x5584bfb56920 (13 bytes)
1785367300.431715 sending message 112 to peer 0x5584bfb56920 (13 bytes)
1785367300.431716 sending message 112 to peer 0x5584bfb56920 (13 bytes)
1785367300.431717 sending message 112 to peer 0x5584bfb56920 (13 bytes)
1785367300.431718 sending message 112 to peer 0x5584bfb56920 (13 bytes)
1785367300.431719 sending message 112 to peer 0x5584bfb56920 (13 bytes)
1785367300.431721 sending message 112 to peer 0x5584bfb56920 (13 bytes)
1785367300.431722 sending message 112 to peer 0x5584bfb56920 (10 bytes)
1785367300.431723 sending message 112 to peer 0x5584bfb56920 (13 bytes)
1785367300.431724 sending message 112 to peer 0x5584bfb56920 (12 bytes)
1785367300.431725 sending message 112 to peer 0x5584bfb56920 (12 bytes)
1785367300.431727 sending message 112 to peer 0x5584bfb56920 (12 bytes)
1785367300.431728 sending message 112 to peer 0x5584bfb56920 (10 bytes)
1785367300.431729 sending message 112 to peer 0x5584bfb56920 (10 bytes)
1785367300.431730 sending message 112 to peer 0x5584bfb56920 (10 bytes)
1785367300.431731 sending message 112 to peer 0x5584bfb56920 (12 bytes)
1785367300.431733 sending message 112 to peer 0x5584bfb56920 (13 bytes)
1785367300.431734 sending message 112 to peer 0x5584bfb56920 (13 bytes)
1785367300.431735 sending message 112 to peer 0x5584bfb56920 (13 bytes)
1785367300.431736 sending message 112 to peer 0x5584bfb56920 (13 bytes)
1785367300.431737 sending message 112 to peer 0x5584bfb56920 (13 bytes)
1785367300.431738 sending message 112 to peer 0x5584bfb56920 (11 bytes)
1785367300.431740 sending message 112 to peer 0x5584bfb56920 (11 bytes)
1785367300.431741 sending message 112 to peer 0x5584bfb56920 (12 bytes)
1785367300.431742 sending message 112 to peer 0x5584bfb56920 (12 bytes)
1785367300.431743 sending message 112 to peer 0x5584bfb56920 (12 bytes)
1785367300.431744 sending message 112 to peer 0x5584bfb56920 (12 bytes)
1785367300.431745 sending message 112 to peer 0x5584bfb56920 (12 bytes)
1785367300.431747 sending message 112 to peer 0x5584bfb56920 (11 bytes)
1785367300.431748 sending message 112 to peer 0x5584bfb56920 (12 bytes)
1785367300.431749 sending message 112 to peer 0x5584bfb56920 (12 bytes)
1785367300.431750 sending message 112 to peer 0x5584bfb56920 (13 bytes)
1785367300.431751 sending message 112 to peer 0x5584bfb56920 (13 bytes)
1785367300.431753 sending message 112 to peer 0x5584bfb56920 (13 bytes)
1785367300.431754 sending message 112 to peer 0x5584bfb56920 (13 bytes)
1785367300.431755 sending message 112 to peer 0x5584bfb56920 (13 bytes)
1785367300.431756 sending message 112 to peer 0x5584bfb56920 (10 bytes)
1785367300.431757 sending message 112 to peer 0x5584bfb56920 (9 bytes)
1785367300.431758 sending message 112 to peer 0x5584bfb56920 (12 bytes)
1785367300.431759 sending message 112 to peer 0x5584bfb56920 (13 bytes)
1785367300.431761 sending message 112 to peer 0x5584bfb56920 (13 bytes)
1785367300.431762 sending message 112 to peer 0x5584bfb56920 (13 bytes)
1785367300.431763 sending message 112 to peer 0x5584bfb56920 (13 bytes)
1785367300.431764 sending message 112 to peer 0x5584bfb56920 (13 bytes)
1785367300.431769 sending message 112 to peer 0x5584bfb56920 (9 bytes)
1785367300.431771 sending message 112 to peer 0x5584bfb56920 (12 bytes)
1785367300.431772 sending message 112 to peer 0x5584bfb56920 (13 bytes)
1785367300.431773 sending message 112 to peer 0x5584bfb56920 (13 bytes)
1785367300.431774 sending message 112 to peer 0x5584bfb56920 (13 bytes)
1785367300.431775 sending message 112 to peer 0x5584bfb56920 (13 bytes)
1785367300.431777 sending message 112 to peer 0x5584bfb56920 (13 bytes)
1785367300.431778 sending message 112 to peer 0x5584bfb56920 (11 bytes)
1785367300.431779 sending message 112 to peer 0x5584bfb56920 (12 bytes)
1785367300.431780 sending message 112 to peer 0x5584bfb56920 (13 bytes)
1785367300.431781 sending message 112 to peer 0x5584bfb56920 (13 bytes)
1785367300.431782 sending message 112 to peer 0x5584bfb56920 (13 bytes)
1785367300.431783 sending message 112 to peer 0x5584bfb56920 (13 bytes)
1785367300.431792 sending message 112 to peer 0x5584bfb56920 (13 bytes)
1785367300.431793 sending message 112 to peer 0x5584bfb56920 (11 bytes)
1785367300.431795 sending message 112 to peer 0x5584bfb56920 (12 bytes)
1785367300.431796 sending message 112 to peer 0x5584bfb56920 (12 bytes)
1785367300.431797 sending message 112 to peer 0x5584bfb56920 (12 bytes)
1785367300.431798 sending message 112 to peer 0x5584bfb56920 (12 bytes)
1785367300.431799 sending message 112 to peer 0x5584bfb56920 (12 bytes)
1785367300.431801 sending message 112 to peer 0x5584bfb56920 (21 bytes)
1785367300.431802 sending message 112 to peer 0x5584bfb56920 (12 bytes)
1785367300.431803 sending message 112 to peer 0x5584bfb56920 (9 bytes)
1785367300.431804 sending message 112 to peer 0x5584bfb56920 (6 bytes)
1785367300.431805 sending message 112 to peer 0x5584bfb56920 (13 bytes)
1785367300.431807 sending message 112 to peer 0x5584bfb56920 (8 bytes)
1785367300.431808 sending message 112 to peer 0x5584bfb56920 (15 bytes)
1785367300.431809 sending message 112 to peer 0x5584bfb56920 (13 bytes)
1785367300.431810 sending message 112 to peer 0x5584bfb56920 (9 bytes)
1785367300.431811 sending message 112 to peer 0x5584bfb56920 (70 bytes)
1785367300.431812 sending message 112 to peer 0x5584bfb56920 (69 bytes)
1785367300.431814 sending message 112 to peer 0x5584bfb56920 (10 bytes)
1785367300.431815 sending message 112 to peer 0x5584bfb56920 (10 bytes)
1785367300.431816 sending message 112 to peer 0x5584bfb56920 (8 bytes)
1785367300.431817 sending message 112 to peer 0x5584bfb56920 (15 bytes)
1785367300.431818 sending message 112 to peer 0x5584bfb56920 (13 bytes)
1785367300.431819 sending message 112 to peer 0x5584bfb56920 (10 bytes)
1785367300.431821 sending message 112 to peer 0x5584bfb56920 (10 bytes)
1785367300.431822 sending message 112 to peer 0x5584bfb56920 (17 bytes)
1785367300.431823 sending message 112 to peer 0x5584bfb56920 (10 bytes)
1785367300.431824 sending message 112 to peer 0x5584bfb56920 (13 bytes)
1785367300.431825 sending message 112 to peer 0x5584bfb56920 (9 bytes)
1785367300.431826 sending message 112 to peer 0x5584bfb56920 (5 bytes)
1785367300.431828 sending message 112 to peer 0x5584bfb56920 (15 bytes)
1785367300.431829 sending message 104 to peer 0x5584bfb56920 (0 bytes)
1785367300.431831 sending message 110 to peer 0x5584bfb56920 (0 bytes)
1785367300.431832 sending message 107 to peer 0x5584bfb56920 (4 bytes)
1785367300.431834 sending message 105 to peer 0x5584bfb56920 (18 bytes)
1785367300.431835 sending message 105 to peer 0x5584bfb56920 (28 bytes)
1785367300.431836 sending message 105 to peer 0x5584bfb56920 (35 bytes)
1785367300.431837 sending message 105 to peer 0x5584bfb56920 (11 bytes)
1785367300.431839 sending message 105 to peer 0x5584bfb56920 (26 bytes)
1785367300.431840 sending message 105 to peer 0x5584bfb56920 (333 bytes)
1785367300.431841 sending message 105 to peer 0x5584bfb56920 (12 bytes)
1785367300.431842 sending message 105 to peer 0x5584bfb56920 (80 bytes)
1785367300.431844 sending message 105 to peer 0x5584bfb56920 (40 bytes)
1785367300.431845 sending message 105 to peer 0x5584bfb56920 (19 bytes)
1785367300.431848 sending message 105 to peer 0x5584bfb56920 (15 bytes)
1785367300.431849 sending message 105 to peer 0x5584bfb56920 (17 bytes)
1785367300.431850 sending message 105 to peer 0x5584bfb56920 (19 bytes)
1785367300.431851 sending message 105 to peer 0x5584bfb56920 (25 bytes)
1785367300.431853 sending message 105 to peer 0x5584bfb56920 (31 bytes)
1785367300.431854 sending message 105 to peer 0x5584bfb56920 (22 bytes)
1785367300.431855 sending message 105 to peer 0x5584bfb56920 (73 bytes)
1785367300.431857 sending message 105 to peer 0x5584bfb56920 (17 bytes)
1785367300.431858 sending message 105 to peer 0x5584bfb56920 (12 bytes)
1785367300.431859 sending message 105 to peer 0x5584bfb56920 (11 bytes)
1785367300.431860 sending message 105 to peer 0x5584bfb56920 (35 bytes)
1785367300.431861 sending message 105 to peer 0x5584bfb56920 (36 bytes)
1785367300.431863 sending message 105 to peer 0x5584bfb56920 (17 bytes)
1785367300.431864 sending message 105 to peer 0x5584bfb56920 (18 bytes)
1785367300.431865 sending message 105 to peer 0x5584bfb56920 (23 bytes)
1785367300.431866 sending message 105 to peer 0x5584bfb56920 (1923 bytes)
1785367300.431868 sending message 105 to peer 0x5584bfb56920 (14 bytes)
1785367300.431869 sending message 105 to peer 0x5584bfb56920 (13 bytes)
1785367300.431870 sending message 105 to peer 0x5584bfb56920 (16 bytes)
1785367300.431871 sending message 105 to peer 0x5584bfb56920 (14 bytes)
1785367300.431873 sending message 105 to peer 0x5584bfb56920 (21 bytes)
1785367300.431874 sending message 105 to peer 0x5584bfb56920 (16 bytes)
1785367300.431875 sending message 105 to peer 0x5584bfb56920 (20 bytes)
1785367300.431876 sending message 105 to peer 0x5584bfb56920 (30 bytes)
1785367300.431877 sending message 105 to peer 0x5584bfb56920 (54 bytes)
1785367300.431878 sending message 105 to peer 0x5584bfb56920 (15 bytes)
1785367300.431880 sending message 105 to peer 0x5584bfb56920 (8 bytes)
1785367300.431881 sending message 106 to peer 0x5584bfb56920 (0 bytes)
1785367300.431914 sending message 200 to peer 0x5584bfb56920 (4 bytes)
1785367300.431916 client loop enter
1785367300.432509 peer 0x5584bfb56920 message 303
1785367300.432511 open write file 2 -
1785367300.432515 sending message 305 to peer 0x5584bfb56920 (8 bytes)
1785367300.432521 write check file 2
1785367300.432546 peer 0x5584bfb56920 message 304
1785367300.432547 write 58 to file 2
1785367300.432549 peer 0x5584bfb56920 message 203
1785367300.432551 file 2 58 bytes left
1785367300.432558 write check file 2
1785367300.432559 client loop exit
